2026-07-02 15:04:53,960 [INFO] 🚀 Iniciando generate_weekly.py
2026-07-02 15:05:35,807 [INFO] 🚀 Iniciando generate_weekly.py
2026-07-02 15:55:06,433 [INFO] ✅ Dashboard HTML generado (890 registros, 20 herramientas, 4 vídeos).
2026-07-02 15:57:06,453 [INFO] ✅ Dashboard HTML generado (100 registros, 0 herramientas, 2 vídeos).
2026-07-02 15:57:17,059 [INFO] 🚀 Iniciando generate_weekly.py
2026-07-02 16:00:22,170 [INFO] ✅ Dashboard HTML generado (890 registros, 20 herramientas, 4 vídeos).
2026-07-04 12:56:48,468 [INFO] 🚀 Iniciando generate_weekly.py
2026-07-04 12:56:48,684 [INFO] ℹ️ Modo --dashboard-only: saltando recap IA y PR.
2026-07-04 12:57:52,094 [INFO] 🚀 Iniciando generate_weekly.py
2026-07-04 12:57:52,351 [INFO] ℹ️ Modo --dashboard-only: saltando recap IA y PR.
2026-07-04 12:57:52,403 [INFO] ✅ Dashboard HTML pre-renderizado (890 registros, 20 herramientas).
2026-07-04 12:57:52,405 [INFO] ✅ generate_weekly.py completado.
2026-07-04 12:57:52,405 [INFO] ℹ️ PR saltado.
2026-07-04 13:51:15,632 [INFO] 🚀 Iniciando generate_weekly.py
2026-07-04 13:51:15,881 [INFO] ℹ️ Modo --dashboard-only: saltando recap IA y PR.
2026-07-04 13:51:15,940 [INFO] ✅ Dashboard HTML pre-renderizado (890 registros, 20 herramientas).
2026-07-04 13:51:15,942 [INFO] ✅ generate_weekly.py completado.
2026-07-04 13:51:15,942 [INFO] ℹ️ PR saltado.
2026-07-04 14:16:03,526 [INFO] 🚀 Iniciando generate_weekly.py
2026-07-04 14:16:03,744 [INFO] ℹ️ Modo --dashboard-only: saltando recap IA y PR.
2026-07-04 14:16:03,760 [INFO] ✅ Dashboard HTML pre-renderizado (890 registros, 20 herramientas).
2026-07-04 14:16:03,761 [INFO] ✅ generate_weekly.py completado.
2026-07-04 14:16:03,761 [INFO] ℹ️ PR saltado.
2026-07-04 14:19:10,764 [INFO] 🚀 Iniciando generate_weekly.py
2026-07-04 14:19:11,012 [INFO] ℹ️ Modo --dashboard-only: saltando recap IA y PR.
2026-07-04 14:19:11,033 [INFO] ✅ Dashboard HTML pre-renderizado (899 registros, 20 herramientas).
2026-07-04 14:19:11,034 [INFO] ✅ generate_weekly.py completado.
2026-07-04 14:19:11,034 [INFO] ℹ️ PR saltado.
2026-07-04 14:33:24,590 [INFO] 🚀 Iniciando generate_weekly.py
2026-07-04 14:33:24,855 [INFO] ℹ️ Modo --dashboard-only: saltando recap IA y PR.
2026-07-04 14:33:24,890 [INFO] ✅ Dashboard HTML pre-renderizado (899 registros, 20 herramientas).
2026-07-04 14:33:24,890 [INFO] ✅ generate_weekly.py completado.
2026-07-04 14:33:24,891 [INFO] ℹ️ PR saltado.
2026-07-04 14:39:14,538 [INFO] 🚀 Iniciando generate_weekly.py
2026-07-04 14:39:14,782 [INFO] ℹ️ Modo --dashboard-only: saltando recap IA y PR.
2026-07-04 14:39:14,804 [INFO] ✅ Dashboard HTML pre-renderizado (899 registros, 20 herramientas).
2026-07-04 14:39:14,804 [INFO] ✅ generate_weekly.py completado.
2026-07-04 14:39:14,805 [INFO] ℹ️ PR saltado.
2026-07-04 14:46:05,582 [INFO] 🚀 Iniciando generate_weekly.py
2026-07-04 14:46:05,838 [INFO] ℹ️ Modo --dashboard-only: saltando recap IA y PR.
2026-07-04 14:46:05,862 [INFO] ✅ Dashboard HTML pre-renderizado (899 registros, 20 herramientas).
2026-07-04 14:46:05,863 [INFO] ✅ generate_weekly.py completado.
2026-07-04 14:46:05,863 [INFO] ℹ️ PR saltado.
2026-07-04 14:48:37,658 [INFO] 🚀 Iniciando generate_weekly.py
2026-07-04 14:48:37,921 [INFO] ℹ️ Modo --dashboard-only: saltando recap IA y PR.
2026-07-04 14:48:37,943 [INFO] ✅ Dashboard HTML pre-renderizado (899 registros, 20 herramientas).
2026-07-04 14:48:37,944 [INFO] ✅ generate_weekly.py completado.
2026-07-04 14:48:37,944 [INFO] ℹ️ PR saltado.
2026-07-04 14:50:27,759 [INFO] 🚀 Iniciando generate_weekly.py
2026-07-04 14:50:28,205 [INFO] ℹ️ Modo --dashboard-only: saltando recap IA y PR.
2026-07-04 14:50:28,249 [INFO] ✅ Dashboard HTML pre-renderizado (899 registros, 20 herramientas).
2026-07-04 14:50:28,250 [INFO] ✅ generate_weekly.py completado.
2026-07-04 14:50:28,250 [INFO] ℹ️ PR saltado.
2026-07-04 14:51:41,797 [INFO] 🚀 Iniciando generate_weekly.py
2026-07-04 14:51:42,043 [INFO] ℹ️ Modo --dashboard-only: saltando recap IA y PR.
2026-07-04 14:51:42,067 [INFO] ✅ Dashboard HTML pre-renderizado (899 registros, 20 herramientas).
2026-07-04 14:51:42,068 [INFO] ✅ generate_weekly.py completado.
2026-07-04 14:51:42,068 [INFO] ℹ️ PR saltado.
2026-07-04 14:57:30,787 [INFO] 🚀 Iniciando generate_weekly.py
2026-07-04 14:57:31,057 [INFO] ℹ️ Modo --dashboard-only: saltando recap IA y PR.
2026-07-04 14:57:31,079 [INFO] ✅ Dashboard HTML pre-renderizado (899 registros, 20 herramientas).
2026-07-04 14:57:31,080 [INFO] ✅ generate_weekly.py completado.
2026-07-04 14:57:31,080 [INFO] ℹ️ PR saltado.
2026-07-04 15:03:06,687 [INFO] 🚀 Iniciando generate_weekly.py
2026-07-04 15:03:06,916 [INFO] ℹ️ Modo --dashboard-only: saltando recap IA y PR.
2026-07-04 15:03:06,934 [INFO] ✅ Dashboard HTML pre-renderizado (899 registros, 20 herramientas).
2026-07-04 15:03:06,935 [INFO] ✅ generate_weekly.py completado.
2026-07-04 15:03:06,935 [INFO] ℹ️ PR saltado.
2026-07-04 15:04:29,998 [INFO] 🚀 Iniciando generate_weekly.py
2026-07-04 15:04:30,235 [INFO] ℹ️ Modo --dashboard-only: saltando recap IA y PR.
2026-07-04 15:04:30,257 [INFO] ✅ Dashboard HTML pre-renderizado (899 registros, 20 herramientas).
2026-07-04 15:04:30,258 [INFO] ✅ generate_weekly.py completado.
2026-07-04 15:04:30,258 [INFO] ℹ️ PR saltado.
2026-07-04 15:58:57,873 [INFO] 🚀 Iniciando generate_weekly.py
2026-07-04 15:58:58,154 [INFO] ℹ️ Modo --dashboard-only: saltando recap IA y PR.
2026-07-04 15:58:58,171 [INFO] ✅ Dashboard HTML pre-renderizado (899 registros, 20 herramientas).
2026-07-04 15:58:58,172 [INFO] ✅ generate_weekly.py completado.
2026-07-04 15:58:58,172 [INFO] ℹ️ PR saltado.
2026-07-04 16:05:21,177 [INFO] 🚀 Iniciando generate_weekly.py
2026-07-04 16:05:21,420 [INFO] ℹ️ Modo --dashboard-only: saltando recap IA y PR.
2026-07-04 16:05:21,435 [INFO] ✅ Dashboard HTML pre-renderizado (899 registros, 20 herramientas).
2026-07-04 16:05:21,436 [INFO] ✅ generate_weekly.py completado.
2026-07-04 16:05:21,436 [INFO] ℹ️ PR saltado.
2026-07-04 16:08:04,604 [INFO] 🚀 Iniciando generate_weekly.py
2026-07-04 16:08:04,893 [INFO] ℹ️ Modo --dashboard-only: saltando recap IA y PR.
2026-07-04 16:08:04,941 [INFO] ✅ Dashboard HTML pre-renderizado (899 registros, 20 herramientas).
2026-07-04 16:08:04,942 [INFO] ✅ generate_weekly.py completado.
2026-07-04 16:08:04,943 [INFO] ℹ️ PR saltado.
2026-07-04 16:08:53,174 [INFO] 🚀 Iniciando generate_weekly.py
2026-07-04 16:08:53,424 [INFO] ℹ️ Modo --dashboard-only: saltando recap IA y PR.
2026-07-04 16:08:53,453 [INFO] ✅ Dashboard HTML pre-renderizado (899 registros, 20 herramientas).
2026-07-04 16:08:53,453 [INFO] ✅ generate_weekly.py completado.
2026-07-04 16:08:53,453 [INFO] ℹ️ PR saltado.
2026-07-04 17:03:21,692 [INFO] 🚀 Iniciando generate_weekly.py
2026-07-04 17:03:21,852 [INFO] ℹ️ Modo --dashboard-only: saltando recap IA y PR.
2026-07-04 17:03:21,869 [INFO] ✅ Dashboard HTML pre-renderizado (699 registros, 20 herramientas).
2026-07-04 17:03:21,870 [INFO] ✅ generate_weekly.py completado.
2026-07-04 17:03:21,870 [INFO] ℹ️ PR saltado.
